&&&& RUNNING TensorRT.trtexec [TensorRT v8001] # /usr/src/tensorrt/bin/trtexec --loadEngine=engines/yolov8n_416_fp16.engine --dumpProfile --separateProfileRun --duration=5
[09/19/2026-03:21:38] [I] === Model Options ===
[09/19/2026-03:21:38] [I] Format: *
[09/19/2026-03:21:38] [I] Model: 
[09/19/2026-03:21:38] [I] Output:
[09/19/2026-03:21:38] [I] === Build Options ===
[09/19/2026-03:21:38] [I] Max batch: 1
[09/19/2026-03:21:38] [I] Workspace: 16 MiB
[09/19/2026-03:21:38] [I] minTiming: 1
[09/19/2026-03:21:38] [I] avgTiming: 8
[09/19/2026-03:21:38] [I] Precision: FP32
[09/19/2026-03:21:38] [I] Calibration: 
[09/19/2026-03:21:38] [I] Refit: Disabled
[09/19/2026-03:21:38] [I] Sparsity: Disabled
[09/19/2026-03:21:38] [I] Safe mode: Disabled
[09/19/2026-03:21:38] [I] Restricted mode: Disabled
[09/19/2026-03:21:38] [I] Save engine: 
[09/19/2026-03:21:38] [I] Load engine: engines/yolov8n_416_fp16.engine
[09/19/2026-03:21:38] [I] NVTX verbosity: 0
[09/19/2026-03:21:38] [I] Tactic sources: Using default tactic sources
[09/19/2026-03:21:38] [I] timingCacheMode: local
[09/19/2026-03:21:38] [I] timingCacheFile: 
[09/19/2026-03:21:38] [I] Input(s)s format: fp32:CHW
[09/19/2026-03:21:38] [I] Output(s)s format: fp32:CHW
[09/19/2026-03:21:38] [I] Input build shapes: model
[09/19/2026-03:21:38] [I] Input calibration shapes: model
[09/19/2026-03:21:38] [I] === System Options ===
[09/19/2026-03:21:38] [I] Device: 0
[09/19/2026-03:21:38] [I] DLACore: 
[09/19/2026-03:21:38] [I] Plugins:
[09/19/2026-03:21:38] [I] === Inference Options ===
[09/19/2026-03:21:38] [I] Batch: 1
[09/19/2026-03:21:38] [I] Input inference shapes: model
[09/19/2026-03:21:38] [I] Iterations: 10
[09/19/2026-03:21:38] [I] Duration: 5s (+ 200ms warm up)
[09/19/2026-03:21:38] [I] Sleep time: 0ms
[09/19/2026-03:21:38] [I] Streams: 1
[09/19/2026-03:21:38] [I] ExposeDMA: Disabled
[09/19/2026-03:21:38] [I] Data transfers: Enabled
[09/19/2026-03:21:38] [I] Spin-wait: Disabled
[09/19/2026-03:21:38] [I] Multithreading: Disabled
[09/19/2026-03:21:38] [I] CUDA Graph: Disabled
[09/19/2026-03:21:38] [I] Separate profiling: Enabled
[09/19/2026-03:21:38] [I] Time Deserialize: Disabled
[09/19/2026-03:21:38] [I] Time Refit: Disabled
[09/19/2026-03:21:38] [I] Skip inference: Disabled
[09/19/2026-03:21:38] [I] Inputs:
[09/19/2026-03:21:38] [I] === Reporting Options ===
[09/19/2026-03:21:38] [I] Verbose: Disabled
[09/19/2026-03:21:38] [I] Averages: 10 inferences
[09/19/2026-03:21:38] [I] Percentile: 99
[09/19/2026-03:21:38] [I] Dump refittable layers:Disabled
[09/19/2026-03:21:38] [I] Dump output: Disabled
[09/19/2026-03:21:38] [I] Profile: Enabled
[09/19/2026-03:21:38] [I] Export timing to JSON file: 
[09/19/2026-03:21:38] [I] Export output to JSON file: 
[09/19/2026-03:21:38] [I] Export profile to JSON file: 
[09/19/2026-03:21:38] [I] 
[09/19/2026-03:21:38] [I] === Device Information ===
[09/19/2026-03:21:38] [I] Selected Device: NVIDIA Tegra X1
[09/19/2026-03:21:38] [I] Compute Capability: 5.3
[09/19/2026-03:21:38] [I] SMs: 1
[09/19/2026-03:21:38] [I] Compute Clock Rate: 0.9216 GHz
[09/19/2026-03:21:38] [I] Device Global Memory: 3964 MiB
[09/19/2026-03:21:38] [I] Shared Memory per SM: 64 KiB
[09/19/2026-03:21:38] [I] Memory Bus Width: 64 bits (ECC disabled)
[09/19/2026-03:21:38] [I] Memory Clock Rate: 0.01275 GHz
[09/19/2026-03:21:38] [I] 
[09/19/2026-03:21:38] [I] TensorRT version: 8001
[09/19/2026-03:21:40] [I] [TRT] [MemUsageChange] Init CUDA: CPU +203, GPU +0, now: CPU 238, GPU 2228 (MiB)
[09/19/2026-03:21:40] [I] [TRT] Loaded engine size: 16 MB
[09/19/2026-03:21:40] [I] [TRT] [MemUsageSnapshot] deserializeCudaEngine begin: CPU 238 MiB, GPU 2228 MiB
[09/19/2026-03:21:41] [I] [TRT] [MemUsageChange] Init cuBLAS/cuBLASLt: CPU +158, GPU +163, now: CPU 402, GPU 2397 (MiB)
[09/19/2026-03:21:42] [I] [TRT] [MemUsageChange] Init cuDNN: CPU +240, GPU +237, now: CPU 642, GPU 2634 (MiB)
[09/19/2026-03:21:42] [I] [TRT] [MemUsageChange] Init cuBLAS/cuBLASLt: CPU +0, GPU +0, now: CPU 642, GPU 2634 (MiB)
[09/19/2026-03:21:42] [I] [TRT] [MemUsageSnapshot] deserializeCudaEngine end: CPU 642 MiB, GPU 2635 MiB
[09/19/2026-03:21:42] [I] Engine loaded in 3.80337 sec.
[09/19/2026-03:21:42] [I] [TRT] [MemUsageSnapshot] ExecutionContext creation begin: CPU 625 MiB, GPU 2618 MiB
[09/19/2026-03:21:42] [I] [TRT] [MemUsageChange] Init cuBLAS/cuBLASLt: CPU +1, GPU +0, now: CPU 626, GPU 2618 (MiB)
[09/19/2026-03:21:42] [I] [TRT] [MemUsageChange] Init cuDNN: CPU +0, GPU +0, now: CPU 626, GPU 2618 (MiB)
[09/19/2026-03:21:42] [I] [TRT] [MemUsageSnapshot] ExecutionContext creation end: CPU 628 MiB, GPU 2622 MiB
[09/19/2026-03:21:42] [I] Created input binding for images with dimensions 1x3x416x416
[09/19/2026-03:21:42] [I] Created output binding for output0 with dimensions 1x84x3549
[09/19/2026-03:21:42] [I] Starting inference
[09/19/2026-03:21:47] [I] Warmup completed 1 queries over 200 ms
[09/19/2026-03:21:47] [I] Timing trace has 152 queries over 3.92448 s
[09/19/2026-03:21:47] [I] 
[09/19/2026-03:21:47] [I] === Trace details ===
[09/19/2026-03:21:47] [I] Trace averages of 10 runs:
[09/19/2026-03:21:47] [I] Average on 10 runs - GPU latency: 26.2017 ms - Host latency: 26.5321 ms (end to end 26.5442 ms, enqueue 7.13528 ms)
[09/19/2026-03:21:47] [I] Average on 10 runs - GPU latency: 25.5451 ms - Host latency: 25.8752 ms (end to end 25.8876 ms, enqueue 7.08782 ms)
[09/19/2026-03:21:47] [I] Average on 10 runs - GPU latency: 25.5377 ms - Host latency: 25.8709 ms (end to end 25.8833 ms, enqueue 7.50945 ms)
[09/19/2026-03:21:47] [I] Average on 10 runs - GPU latency: 25.5392 ms - Host latency: 25.8692 ms (end to end 25.8816 ms, enqueue 6.94045 ms)
[09/19/2026-03:21:47] [I] Average on 10 runs - GPU latency: 25.5195 ms - Host latency: 25.8477 ms (end to end 25.8598 ms, enqueue 7.51113 ms)
[09/19/2026-03:21:47] [I] Average on 10 runs - GPU latency: 25.4386 ms - Host latency: 25.7615 ms (end to end 25.7739 ms, enqueue 9.76699 ms)
[09/19/2026-03:21:47] [I] Average on 10 runs - GPU latency: 25.3817 ms - Host latency: 25.7045 ms (end to end 25.7168 ms, enqueue 11.9354 ms)
[09/19/2026-03:21:47] [I] Average on 10 runs - GPU latency: 25.3958 ms - Host latency: 25.719 ms (end to end 25.7313 ms, enqueue 11.1812 ms)
[09/19/2026-03:21:47] [I] Average on 10 runs - GPU latency: 25.397 ms - Host latency: 25.7232 ms (end to end 25.7355 ms, enqueue 11.4942 ms)
[09/19/2026-03:21:47] [I] Average on 10 runs - GPU latency: 25.402 ms - Host latency: 25.725 ms (end to end 25.7372 ms, enqueue 10.3957 ms)
[09/19/2026-03:21:47] [I] Average on 10 runs - GPU latency: 25.363 ms - Host latency: 25.6864 ms (end to end 25.6988 ms, enqueue 11.2923 ms)
[09/19/2026-03:21:47] [I] Average on 10 runs - GPU latency: 25.3816 ms - Host latency: 25.7055 ms (end to end 25.7177 ms, enqueue 11.1821 ms)
[09/19/2026-03:21:47] [I] Average on 10 runs - GPU latency: 25.3703 ms - Host latency: 25.6939 ms (end to end 25.7061 ms, enqueue 11.591 ms)
[09/19/2026-03:21:47] [I] Average on 10 runs - GPU latency: 25.3779 ms - Host latency: 25.7013 ms (end to end 25.7136 ms, enqueue 11.2089 ms)
[09/19/2026-03:21:47] [I] Average on 10 runs - GPU latency: 25.3666 ms - Host latency: 25.6901 ms (end to end 25.7025 ms, enqueue 11.6706 ms)
[09/19/2026-03:21:47] [I] 
[09/19/2026-03:21:47] [I] === Performance summary ===
[09/19/2026-03:21:47] [I] Throughput: 38.7313 qps
[09/19/2026-03:21:47] [I] Latency: min = 25.6011 ms, max = 26.9409 ms, mean = 25.806 ms, median = 25.7334 ms, percentile(99%) = 26.733 ms
[09/19/2026-03:21:47] [I] End-to-End Host Latency: min = 25.6133 ms, max = 26.9532 ms, mean = 25.8183 ms, median = 25.7461 ms, percentile(99%) = 26.7458 ms
[09/19/2026-03:21:47] [I] Enqueue Time: min = 6.15942 ms, max = 15.6677 ms, mean = 9.86451 ms, median = 10.4901 ms, percentile(99%) = 14.8799 ms
[09/19/2026-03:21:47] [I] H2D Latency: min = 0.197754 ms, max = 0.216797 ms, mean = 0.201262 ms, median = 0.200195 ms, percentile(99%) = 0.210815 ms
[09/19/2026-03:21:47] [I] GPU Compute Time: min = 25.2778 ms, max = 26.6129 ms, mean = 25.4802 ms, median = 25.4094 ms, percentile(99%) = 26.3975 ms
[09/19/2026-03:21:47] [I] D2H Latency: min = 0.12207 ms, max = 0.133545 ms, mean = 0.124568 ms, median = 0.123535 ms, percentile(99%) = 0.133179 ms
[09/19/2026-03:21:47] [I] Total Host Walltime: 3.92448 s
[09/19/2026-03:21:47] [I] Total GPU Compute Time: 3.87299 s
[09/19/2026-03:21:47] [I] Explanations of the performance metrics are printed in the verbose logs.
[09/19/2026-03:21:47] [I] 
[09/19/2026-03:21:53] [I] 
[09/19/2026-03:21:53] [I] === Profile (202 iterations ) ===
[09/19/2026-03:21:53] [I]                                                                                                        Layer   Time (ms)   Avg. Time (ms)   Time %
[09/19/2026-03:21:53] [I]                                                                                           /model.0/conv/Conv      236.53           1.1709      4.6
[09/19/2026-03:21:53] [I]                                                             PWN(PWN(/model.0/act/Sigmoid), /model.0/act/Mul)      303.56           1.5028      5.9
[09/19/2026-03:21:53] [I]                                                                                           /model.1/conv/Conv      157.26           0.7785      3.1
[09/19/2026-03:21:53] [I]                                                             PWN(PWN(/model.1/act/Sigmoid), /model.1/act/Mul)       33.66           0.1666      0.7
[09/19/2026-03:21:53] [I]                                                                                       /model.2/cv1/conv/Conv       59.56           0.2949      1.2
[09/19/2026-03:21:53] [I]                                                     PWN(PWN(/model.2/cv1/act/Sigmoid), /model.2/cv1/act/Mul)       34.50           0.1708      0.7
[09/19/2026-03:21:53] [I]        Reformatting CopyNode for Output Tensor 0 to PWN(PWN(/model.2/cv1/act/Sigmoid), /model.2/cv1/act/Mul)       57.20           0.2832      1.1
[09/19/2026-03:21:53] [I]                                                                                               /model.2/Split        9.19           0.0455      0.2
[09/19/2026-03:21:53] [I]                                                                                             /model.2/Split_0        9.50           0.0470      0.2
[09/19/2026-03:21:53] [I]                                                                                   /model.2/m.0/cv1/conv/Conv       85.67           0.4241      1.7
[09/19/2026-03:21:53] [I]                                             PWN(PWN(/model.2/m.0/cv1/act/Sigmoid), /model.2/m.0/cv1/act/Mul)       20.27           0.1004      0.4
[09/19/2026-03:21:53] [I]                                                                                   /model.2/m.0/cv2/conv/Conv       83.19           0.4118      1.6
[09/19/2026-03:21:53] [I]                      PWN(PWN(PWN(/model.2/m.0/cv2/act/Sigmoid), /model.2/m.0/cv2/act/Mul), /model.2/m.0/Add)       30.03           0.1487      0.6
[09/19/2026-03:21:53] [I]                                                                                 /model.2/Split_output_1 copy        9.37           0.0464      0.2
[09/19/2026-03:21:53] [I]                                                                                       /model.2/cv2/conv/Conv       46.77           0.2316      0.9
[09/19/2026-03:21:53] [I]                                                     PWN(PWN(/model.2/cv2/act/Sigmoid), /model.2/cv2/act/Mul)       43.28           0.2143      0.8
[09/19/2026-03:21:53] [I]                                                                                           /model.3/conv/Conv       63.94           0.3166      1.2
[09/19/2026-03:21:53] [I]                                                             PWN(PWN(/model.3/act/Sigmoid), /model.3/act/Mul)       20.16           0.0998      0.4
[09/19/2026-03:21:53] [I]                                                                                       /model.4/cv1/conv/Conv       24.77           0.1226      0.5
[09/19/2026-03:21:53] [I]                                                     PWN(PWN(/model.4/cv1/act/Sigmoid), /model.4/cv1/act/Mul)       20.21           0.1001      0.4
[09/19/2026-03:21:53] [I]                                                                                               /model.4/Split        5.09           0.0252      0.1
[09/19/2026-03:21:53] [I]                                                                                             /model.4/Split_1        5.07           0.0251      0.1
[09/19/2026-03:21:53] [I]                                                                                   /model.4/m.0/cv1/conv/Conv       37.24           0.1843      0.7
[09/19/2026-03:21:53] [I]                                             PWN(PWN(/model.4/m.0/cv1/act/Sigmoid), /model.4/m.0/cv1/act/Mul)       10.71           0.0530      0.2
[09/19/2026-03:21:53] [I]                                                                                   /model.4/m.0/cv2/conv/Conv       34.22           0.1694      0.7
[09/19/2026-03:21:53] [I]                      PWN(PWN(PWN(/model.4/m.0/cv2/act/Sigmoid), /model.4/m.0/cv2/act/Mul), /model.4/m.0/Add)       15.45           0.0765      0.3
[09/19/2026-03:21:53] [I]                                                                                   /model.4/m.1/cv1/conv/Conv       34.24           0.1695      0.7
[09/19/2026-03:21:53] [I]                                             PWN(PWN(/model.4/m.1/cv1/act/Sigmoid), /model.4/m.1/cv1/act/Mul)       10.87           0.0538      0.2
[09/19/2026-03:21:53] [I]                                                                                   /model.4/m.1/cv2/conv/Conv       34.34           0.1700      0.7
[09/19/2026-03:21:53] [I]                      PWN(PWN(PWN(/model.4/m.1/cv2/act/Sigmoid), /model.4/m.1/cv2/act/Mul), /model.4/m.1/Add)       14.46           0.0716      0.3
[09/19/2026-03:21:53] [I]                                                                                 /model.4/Split_output_1 copy        4.77           0.0236      0.1
[09/19/2026-03:21:53] [I]                                                                               /model.4/m.0/Add_output_0 copy        5.06           0.0250      0.1
[09/19/2026-03:21:53] [I]                                                                                       /model.4/cv2/conv/Conv       35.33           0.1749      0.7
[09/19/2026-03:21:53] [I]                                                     PWN(PWN(/model.4/cv2/act/Sigmoid), /model.4/cv2/act/Mul)       22.47           0.1113      0.4
[09/19/2026-03:21:53] [I]                                                                                           /model.5/conv/Conv       63.65           0.3151      1.2
[09/19/2026-03:21:53] [I]                                                             PWN(PWN(/model.5/act/Sigmoid), /model.5/act/Mul)       10.50           0.0520      0.2
[09/19/2026-03:21:53] [I]                                                                                       /model.6/cv1/conv/Conv       20.62           0.1021      0.4
[09/19/2026-03:21:53] [I]                                                     PWN(PWN(/model.6/cv1/act/Sigmoid), /model.6/cv1/act/Mul)       10.39           0.0514      0.2
[09/19/2026-03:21:53] [I]                                                                                               /model.6/Split        2.93           0.0145      0.1
[09/19/2026-03:21:53] [I]                                                                                             /model.6/Split_2        2.82           0.0140      0.1
[09/19/2026-03:21:53] [I]                                                                                   /model.6/m.0/cv1/conv/Conv       33.21           0.1644      0.6
[09/19/2026-03:21:53] [I]                                             PWN(PWN(/model.6/m.0/cv1/act/Sigmoid), /model.6/m.0/cv1/act/Mul)        5.93           0.0294      0.1
[09/19/2026-03:21:53] [I]                                                                                   /model.6/m.0/cv2/conv/Conv       29.63           0.1467      0.6
[09/19/2026-03:21:53] [I]                      PWN(PWN(PWN(/model.6/m.0/cv2/act/Sigmoid), /model.6/m.0/cv2/act/Mul), /model.6/m.0/Add)        7.31           0.0362      0.1
[09/19/2026-03:21:53] [I]                                                                                   /model.6/m.1/cv1/conv/Conv       29.55           0.1463      0.6
[09/19/2026-03:21:53] [I]                                             PWN(PWN(/model.6/m.1/cv1/act/Sigmoid), /model.6/m.1/cv1/act/Mul)        5.89           0.0292      0.1
[09/19/2026-03:21:53] [I]                                                                                   /model.6/m.1/cv2/conv/Conv       29.61           0.1466      0.6
[09/19/2026-03:21:53] [I]                      PWN(PWN(PWN(/model.6/m.1/cv2/act/Sigmoid), /model.6/m.1/cv2/act/Mul), /model.6/m.1/Add)        8.24           0.0408      0.2
[09/19/2026-03:21:53] [I]                                                                                 /model.6/Split_output_1 copy        2.74           0.0136      0.1
[09/19/2026-03:21:53] [I]                                                                               /model.6/m.0/Add_output_0 copy        2.81           0.0139      0.1
[09/19/2026-03:21:53] [I]                                                                                       /model.6/cv2/conv/Conv       32.61           0.1615      0.6
[09/19/2026-03:21:53] [I]                                                     PWN(PWN(/model.6/cv2/act/Sigmoid), /model.6/cv2/act/Mul)       11.49           0.0569      0.2
[09/19/2026-03:21:53] [I]                                                                                           /model.7/conv/Conv       80.34           0.3977      1.6
[09/19/2026-03:21:53] [I]                                                             PWN(PWN(/model.7/act/Sigmoid), /model.7/act/Mul)        5.64           0.0279      0.1
[09/19/2026-03:21:53] [I]                                                                                       /model.8/cv1/conv/Conv       22.21           0.1100      0.4
[09/19/2026-03:21:53] [I]                                                     PWN(PWN(/model.8/cv1/act/Sigmoid), /model.8/cv1/act/Mul)        5.84           0.0289      0.1
[09/19/2026-03:21:53] [I]                                                                                               /model.8/Split        1.32           0.0066      0.0
[09/19/2026-03:21:53] [I]                                                                                             /model.8/Split_3        1.15           0.0057      0.0
[09/19/2026-03:21:53] [I]                                                                                   /model.8/m.0/cv1/conv/Conv       30.87           0.1528      0.6
[09/19/2026-03:21:53] [I]                                             PWN(PWN(/model.8/m.0/cv1/act/Sigmoid), /model.8/m.0/cv1/act/Mul)        4.06           0.0201      0.1
[09/19/2026-03:21:53] [I]                                                                                   /model.8/m.0/cv2/conv/Conv       27.09           0.1341      0.5
[09/19/2026-03:21:53] [I]                      PWN(PWN(PWN(/model.8/m.0/cv2/act/Sigmoid), /model.8/m.0/cv2/act/Mul), /model.8/m.0/Add)        5.17           0.0256      0.1
[09/19/2026-03:21:53] [I]                                                                                 /model.8/Split_output_1 copy        1.20           0.0059      0.0
[09/19/2026-03:21:53] [I]                                                                                       /model.8/cv2/conv/Conv       30.53           0.1511      0.6
[09/19/2026-03:21:53] [I]                                                     PWN(PWN(/model.8/cv2/act/Sigmoid), /model.8/cv2/act/Mul)        5.67           0.0281      0.1
[09/19/2026-03:21:53] [I]                                                                                       /model.9/cv1/conv/Conv       11.06           0.0547      0.2
[09/19/2026-03:21:53] [I]                                                     PWN(PWN(/model.9/cv1/act/Sigmoid), /model.9/cv1/act/Mul)        3.48           0.0172      0.1
[09/19/2026-03:21:53] [I]                                                                                           /model.9/m/MaxPool       11.80           0.0584      0.2
[09/19/2026-03:21:53] [I]                                                                                         /model.9/m_1/MaxPool       11.42           0.0565      0.2
[09/19/2026-03:21:53] [I]                                                                                         /model.9/m_2/MaxPool       11.34           0.0561      0.2
[09/19/2026-03:21:53] [I]                                                                           /model.9/cv1/act/Mul_output_0 copy        1.37           0.0068      0.0
[09/19/2026-03:21:53] [I]                                                                             /model.9/m/MaxPool_output_0 copy        1.54           0.0076      0.0
[09/19/2026-03:21:53] [I]                                                                           /model.9/m_1/MaxPool_output_0 copy        1.58           0.0078      0.0
[09/19/2026-03:21:53] [I]                                                                                       /model.9/cv2/conv/Conv       37.84           0.1873      0.7
[09/19/2026-03:21:53] [I]         Reformatting CopyNode for Input Tensor 0 to PWN(PWN(/model.9/cv2/act/Sigmoid), /model.9/cv2/act/Mul)        7.04           0.0349      0.1
[09/19/2026-03:21:53] [I]                                                     PWN(PWN(/model.9/cv2/act/Sigmoid), /model.9/cv2/act/Mul)        4.98           0.0247      0.1
[09/19/2026-03:21:53] [I]                                                                                             /model.10/Resize       31.23           0.1546      0.6
[09/19/2026-03:21:53] [I]                                                                               /model.10/Resize_output_0 copy       28.75           0.1423      0.6
[09/19/2026-03:21:53] [I]                                                                                      /model.12/cv1/conv/Conv       43.19           0.2138      0.8
[09/19/2026-03:21:53] [I]                                                   PWN(PWN(/model.12/cv1/act/Sigmoid), /model.12/cv1/act/Mul)       10.54           0.0522      0.2
[09/19/2026-03:21:53] [I]                                                                                              /model.12/Split        3.06           0.0151      0.1
[09/19/2026-03:21:53] [I]                                                                                            /model.12/Split_4        2.84           0.0141      0.1
[09/19/2026-03:21:53] [I]                                                                                  /model.12/m.0/cv1/conv/Conv       33.19           0.1643      0.6
[09/19/2026-03:21:53] [I]                                           PWN(PWN(/model.12/m.0/cv1/act/Sigmoid), /model.12/m.0/cv1/act/Mul)        6.01           0.0297      0.1
[09/19/2026-03:21:53] [I]                                                                                  /model.12/m.0/cv2/conv/Conv       29.72           0.1471      0.6
[09/19/2026-03:21:53] [I]                                           PWN(PWN(/model.12/m.0/cv2/act/Sigmoid), /model.12/m.0/cv2/act/Mul)        7.18           0.0356      0.1
[09/19/2026-03:21:53] [I]                                                                                      /model.12/cv2/conv/Conv       26.49           0.1311      0.5
[09/19/2026-03:21:53] [I]       Reformatting CopyNode for Input Tensor 0 to PWN(PWN(/model.12/cv2/act/Sigmoid), /model.12/cv2/act/Mul)       13.11           0.0649      0.3
[09/19/2026-03:21:53] [I]                                                   PWN(PWN(/model.12/cv2/act/Sigmoid), /model.12/cv2/act/Mul)        9.50           0.0470      0.2
[09/19/2026-03:21:53] [I]                                                                                             /model.13/Resize       61.28           0.3034      1.2
[09/19/2026-03:21:53] [I]                                                                               /model.13/Resize_output_0 copy       56.65           0.2804      1.1
[09/19/2026-03:21:53] [I]                                                                                      /model.15/cv1/conv/Conv       46.96           0.2325      0.9
[09/19/2026-03:21:53] [I]                                                   PWN(PWN(/model.15/cv1/act/Sigmoid), /model.15/cv1/act/Mul)       19.68           0.0974      0.4
[09/19/2026-03:21:53] [I]                                                                                              /model.15/Split        5.39           0.0267      0.1
[09/19/2026-03:21:53] [I]                                                                                            /model.15/Split_5        5.08           0.0251      0.1
[09/19/2026-03:21:53] [I]                                                                                  /model.15/m.0/cv1/conv/Conv       37.79           0.1871      0.7
[09/19/2026-03:21:53] [I]                                           PWN(PWN(/model.15/m.0/cv1/act/Sigmoid), /model.15/m.0/cv1/act/Mul)       10.57           0.0523      0.2
[09/19/2026-03:21:53] [I]                                                                                  /model.15/m.0/cv2/conv/Conv       34.60           0.1713      0.7
[09/19/2026-03:21:53] [I]                                           PWN(PWN(/model.15/m.0/cv2/act/Sigmoid), /model.15/m.0/cv2/act/Mul)       11.14           0.0551      0.2
[09/19/2026-03:21:53] [I]                                                                                      /model.15/cv2/conv/Conv       30.01           0.1486      0.6
[09/19/2026-03:21:53] [I]                                                   PWN(PWN(/model.15/cv2/act/Sigmoid), /model.15/cv2/act/Mul)       19.65           0.0973      0.4
[09/19/2026-03:21:53] [I]                                                                                          /model.16/conv/Conv       35.82           0.1773      0.7
[09/19/2026-03:21:53] [I]                                       /model.22/cv2.0/cv2.0.0/conv/Conv || /model.22/cv3.0/cv3.0.0/conv/Conv      283.73           1.4046      5.5
[09/19/2026-03:21:53] [I]                                                           PWN(PWN(/model.16/act/Sigmoid), /model.16/act/Mul)        7.50           0.0371      0.1
[09/19/2026-03:21:53] [I]                               PWN(PWN(/model.22/cv2.0/cv2.0.0/act/Sigmoid), /model.22/cv2.0/cv2.0.0/act/Mul)       22.22           0.1100      0.4
[09/19/2026-03:21:53] [I]                               PWN(PWN(/model.22/cv3.0/cv3.0.0/act/Sigmoid), /model.22/cv3.0/cv3.0.0/act/Mul)       27.01           0.1337      0.5
[09/19/2026-03:21:53] [I]                                                                          /model.12/cv2/act/Mul_output_0 copy       15.14           0.0750      0.3
[09/19/2026-03:21:53] [I]                                                                            /model.22/cv2.0/cv2.0.1/conv/Conv      104.63           0.5180      2.0
[09/19/2026-03:21:53] [I]                                                                            /model.22/cv3.0/cv3.0.1/conv/Conv      196.86           0.9745      3.8
[09/19/2026-03:21:53] [I]                                                                                      /model.18/cv1/conv/Conv       26.70           0.1322      0.5
[09/19/2026-03:21:53] [I]                               PWN(PWN(/model.22/cv2.0/cv2.0.1/act/Sigmoid), /model.22/cv2.0/cv2.0.1/act/Mul)       20.76           0.1028      0.4
[09/19/2026-03:21:53] [I]                               PWN(PWN(/model.22/cv3.0/cv3.0.1/act/Sigmoid), /model.22/cv3.0/cv3.0.1/act/Mul)       24.81           0.1228      0.5
[09/19/2026-03:21:53] [I]                                                   PWN(PWN(/model.18/cv1/act/Sigmoid), /model.18/cv1/act/Mul)       10.20           0.0505      0.2
[09/19/2026-03:21:53] [I]                                                                                 /model.22/cv2.0/cv2.0.2/Conv       24.75           0.1225      0.5
[09/19/2026-03:21:53] [I]                                                                                 /model.22/cv3.0/cv3.0.2/Conv       48.84           0.2418      0.9
[09/19/2026-03:21:53] [I]                                                                                              /model.18/Split        3.42           0.0169      0.1
[09/19/2026-03:21:53] [I]                                                                                            /model.18/Split_6        2.90           0.0144      0.1
[09/19/2026-03:21:53] [I]                                                Reformatting CopyNode for Input Tensor 0 to /model.22/Reshape       24.86           0.1231      0.5
[09/19/2026-03:21:53] [I]                                              Reformatting CopyNode for Input Tensor 0 to /model.22/Reshape_3       30.81           0.1525      0.6
[09/19/2026-03:21:53] [I]                                                                                  /model.18/m.0/cv1/conv/Conv       33.61           0.1664      0.7
[09/19/2026-03:21:53] [I]                                           PWN(PWN(/model.18/m.0/cv1/act/Sigmoid), /model.18/m.0/cv1/act/Mul)        5.96           0.0295      0.1
[09/19/2026-03:21:53] [I]                                                                                  /model.18/m.0/cv2/conv/Conv       29.63           0.1467      0.6
[09/19/2026-03:21:53] [I]                                           PWN(PWN(/model.18/m.0/cv2/act/Sigmoid), /model.18/m.0/cv2/act/Mul)        7.35           0.0364      0.1
[09/19/2026-03:21:53] [I]                                                                                      /model.18/cv2/conv/Conv       26.28           0.1301      0.5
[09/19/2026-03:21:53] [I]                                                   PWN(PWN(/model.18/cv2/act/Sigmoid), /model.18/cv2/act/Mul)       10.53           0.0521      0.2
[09/19/2026-03:21:53] [I]                                                                                          /model.19/conv/Conv       41.90           0.2074      0.8
[09/19/2026-03:21:53] [I]                                       /model.22/cv2.1/cv2.1.0/conv/Conv || /model.22/cv3.1/cv3.1.0/conv/Conv      137.32           0.6798      2.7
[09/19/2026-03:21:53] [I]                                                           PWN(PWN(/model.19/act/Sigmoid), /model.19/act/Mul)        4.66           0.0231      0.1
[09/19/2026-03:21:53] [I]                               PWN(PWN(/model.22/cv2.1/cv2.1.0/act/Sigmoid), /model.22/cv2.1/cv2.1.0/act/Mul)        7.15           0.0354      0.1
[09/19/2026-03:21:53] [I]                               PWN(PWN(/model.22/cv3.1/cv3.1.0/act/Sigmoid), /model.22/cv3.1/cv3.1.0/act/Mul)        8.14           0.0403      0.2
[09/19/2026-03:21:53] [I]                                                                           /model.9/cv2/act/Mul_output_0 copy        7.91           0.0391      0.2
[09/19/2026-03:21:53] [I]                                                                            /model.22/cv2.1/cv2.1.1/conv/Conv       30.65           0.1518      0.6
[09/19/2026-03:21:53] [I]                                                                            /model.22/cv3.1/cv3.1.1/conv/Conv       56.95           0.2819      1.1
[09/19/2026-03:21:53] [I]                                                                                      /model.21/cv1/conv/Conv       31.31           0.1550      0.6
[09/19/2026-03:21:53] [I]                               PWN(PWN(/model.22/cv2.1/cv2.1.1/act/Sigmoid), /model.22/cv2.1/cv2.1.1/act/Mul)        6.27           0.0311      0.1
[09/19/2026-03:21:53] [I]                               PWN(PWN(/model.22/cv3.1/cv3.1.1/act/Sigmoid), /model.22/cv3.1/cv3.1.1/act/Mul)        7.12           0.0352      0.1
[09/19/2026-03:21:53] [I]                                                   PWN(PWN(/model.21/cv1/act/Sigmoid), /model.21/cv1/act/Mul)        5.92           0.0293      0.1
[09/19/2026-03:21:53] [I]                                                                                 /model.22/cv2.1/cv2.1.2/Conv       10.32           0.0511      0.2
[09/19/2026-03:21:53] [I]                                                                                 /model.22/cv3.1/cv3.1.2/Conv       16.71           0.0827      0.3
[09/19/2026-03:21:53] [I]                                                                                              /model.21/Split        2.26           0.0112      0.0
[09/19/2026-03:21:53] [I]                                                                                            /model.21/Split_7        1.84           0.0091      0.0
[09/19/2026-03:21:53] [I]                                              Reformatting CopyNode for Input Tensor 0 to /model.22/Reshape_1        6.81           0.0337      0.1
[09/19/2026-03:21:53] [I]                                              Reformatting CopyNode for Input Tensor 0 to /model.22/Reshape_4        8.28           0.0410      0.2
[09/19/2026-03:21:53] [I]                                                                                  /model.21/m.0/cv1/conv/Conv       31.07           0.1538      0.6
[09/19/2026-03:21:53] [I]                                           PWN(PWN(/model.21/m.0/cv1/act/Sigmoid), /model.21/m.0/cv1/act/Mul)        4.27           0.0211      0.1
[09/19/2026-03:21:53] [I]                                                                                  /model.21/m.0/cv2/conv/Conv       27.11           0.1342      0.5
[09/19/2026-03:21:53] [I]                                           PWN(PWN(/model.21/m.0/cv2/act/Sigmoid), /model.21/m.0/cv2/act/Mul)        4.23           0.0209      0.1
[09/19/2026-03:21:53] [I]                                                                                      /model.21/cv2/conv/Conv       30.81           0.1525      0.6
[09/19/2026-03:21:53] [I]                                                   PWN(PWN(/model.21/cv2/act/Sigmoid), /model.21/cv2/act/Mul)        6.33           0.0314      0.1
[09/19/2026-03:21:53] [I]                                       /model.22/cv2.2/cv2.2.0/conv/Conv || /model.22/cv3.2/cv3.2.0/conv/Conv       63.31           0.3134      1.2
[09/19/2026-03:21:53] [I]                               PWN(PWN(/model.22/cv2.2/cv2.2.0/act/Sigmoid), /model.22/cv2.2/cv2.2.0/act/Mul)        2.89           0.0143      0.1
[09/19/2026-03:21:53] [I]                               PWN(PWN(/model.22/cv3.2/cv3.2.0/act/Sigmoid), /model.22/cv3.2/cv3.2.0/act/Mul)        2.79           0.0138      0.1
[09/19/2026-03:21:53] [I]                                                                            /model.22/cv2.2/cv2.2.1/conv/Conv        8.31           0.0412      0.2
[09/19/2026-03:21:53] [I]                                                                            /model.22/cv3.2/cv3.2.1/conv/Conv       14.65           0.0725      0.3
[09/19/2026-03:21:53] [I]                               PWN(PWN(/model.22/cv2.2/cv2.2.1/act/Sigmoid), /model.22/cv2.2/cv2.2.1/act/Mul)        2.48           0.0123      0.0
[09/19/2026-03:21:53] [I]                               PWN(PWN(/model.22/cv3.2/cv3.2.1/act/Sigmoid), /model.22/cv3.2/cv3.2.1/act/Mul)        2.77           0.0137      0.1
[09/19/2026-03:21:53] [I]                                                                                 /model.22/cv2.2/cv2.2.2/Conv        6.74           0.0334      0.1
[09/19/2026-03:21:53] [I]                                                                                 /model.22/cv3.2/cv3.2.2/Conv        7.60           0.0376      0.1
[09/19/2026-03:21:53] [I]                                              Reformatting CopyNode for Input Tensor 0 to /model.22/Reshape_2        2.33           0.0115      0.0
[09/19/2026-03:21:53] [I]                                              Reformatting CopyNode for Input Tensor 0 to /model.22/Reshape_5        2.57           0.0127      0.0
[09/19/2026-03:21:53] [I]                                                                              /model.22/Reshape_output_0 copy       28.25           0.1399      0.5
[09/19/2026-03:21:53] [I]                                                                            /model.22/Reshape_1_output_0 copy       10.09           0.0500      0.2
[09/19/2026-03:21:53] [I]                                                                            /model.22/Reshape_2_output_0 copy        4.04           0.0200      0.1
[09/19/2026-03:21:53] [I]                                                                            /model.22/Reshape_3_output_0 copy       33.59           0.1663      0.7
[09/19/2026-03:21:53] [I]                                                                            /model.22/Reshape_4_output_0 copy       12.41           0.0615      0.2
[09/19/2026-03:21:53] [I]                                                                            /model.22/Reshape_5_output_0 copy        4.46           0.0221      0.1
[09/19/2026-03:21:53] [I]                                                              /model.22/dfl/Reshape + /model.22/dfl/Transpose       64.25           0.3180      1.2
[09/19/2026-03:21:53] [I]                                                                                       PWN(/model.22/Sigmoid)       26.40           0.1307      0.5
[09/19/2026-03:21:53] [I]                                                                                        /model.22/dfl/Softmax      174.37           0.8632      3.4
[09/19/2026-03:21:53] [I]                                                   (Unnamed Layer* 230) [Shuffle] + /model.22/dfl/Transpose_1      157.32           0.7788      3.1
[09/19/2026-03:21:53] [I]                                                                                      /model.22/dfl/conv/Conv       65.98           0.3266      1.3
[09/19/2026-03:21:53] [I]                                                                                              /model.22/Slice        3.93           0.0194      0.1
[09/19/2026-03:21:53] [I]                                                                                            /model.22/Slice_1        2.39           0.0118      0.0
[09/19/2026-03:21:53] [I]                                                                               /model.22/Constant_12_output_0        0.10           0.0005      0.0
[09/19/2026-03:21:53] [I]                                                                                                /model.22/Sub        1.45           0.0072      0.0
[09/19/2026-03:21:53] [I]                                                                               /model.22/Constant_13_output_0        0.13           0.0006      0.0
[09/19/2026-03:21:53] [I]                                                                                              /model.22/Add_1        1.43           0.0071      0.0
[09/19/2026-03:21:53] [I]                                                                                              /model.22/Sub_1        1.16           0.0057      0.0
[09/19/2026-03:21:53] [I]  PWN(/model.22/Constant_14_output_0 + (Unnamed Layer* 243) [Shuffle], PWN(/model.22/Add_2, /model.22/Div_1))        2.06           0.0102      0.0
[09/19/2026-03:21:53] [I]                                                                                /model.22/Div_1_output_0 copy        2.25           0.0111      0.0
[09/19/2026-03:21:53] [I]                                                                                /model.22/Sub_1_output_0 copy        2.73           0.0135      0.1
[09/19/2026-03:21:53] [I]                                              /model.22/Constant_15_output_0 + (Unnamed Layer* 247) [Shuffle]        0.11           0.0005      0.0
[09/19/2026-03:21:53] [I]                                                                                              /model.22/Mul_2        3.64           0.0180      0.1
[09/19/2026-03:21:53] [I]                                                                                /model.22/Mul_2_output_0 copy        5.66           0.0280      0.1
[09/19/2026-03:21:53] [I]                                                                              /model.22/Sigmoid_output_0 copy       74.22           0.3674      1.4
[09/19/2026-03:21:53] [I]                                                                                                        Total     5154.54          25.5175    100.0
[09/19/2026-03:21:53] [I] 
&&&& PASSED TensorRT.trtexec [TensorRT v8001] # /usr/src/tensorrt/bin/trtexec --loadEngine=engines/yolov8n_416_fp16.engine --dumpProfile --separateProfileRun --duration=5
[09/19/2026-03:21:53] [I] [TRT] [MemUsageChange] Init cuBLAS/cuBLASLt: CPU +0, GPU +0, now: CPU 866, GPU 2868 (MiB)
